>// SYNTAX TEST "source.go" "Go fork syntax (enum, lambdas, result types, default args)"
#^^ source.go comment.line.double-slash.go punctuation.definition.comment.go
#  ^^^^^^^^^^^^^^^^^^^^^^^^^^^^^^^^^^^^^^^^^^^^^^^^^^^^^^^^^^^^^^^^^^^^^^^^^^^^^^^^^^^^^ source.go comment.line.double-slash.go
>
>// Go fork syntax highlighting samples (see go/doc/new_features/).
#^^ source.go comment.line.double-slash.go punctuation.definition.comment.go
#  ^^^^^^^^^^^^^^^^^^^^^^^^^^^^^^^^^^^^^^^^^^^^^^^^^^^^^^^^^^^^^^^^ source.go comment.line.double-slash.go
>
>package fork
#^^^^^^^ source.go keyword.package.go
#       ^ source.go
#        ^^^^ source.go entity.name.type.package.go
>
>enum reportSection {
#^^^^ source.go keyword.type.go
#    ^ source.go
#     ^^^^^^^^^^^^^ source.go entity.name.type.enum.go
#                  ^ source.go
#                   ^ source.go punctuation.definition.begin.bracket.curly.go
>	TopPosts
#^ source.go
# ^^^^^^^^ source.go constant.other.enum-member.go
>	SubredditBreakdown
#^ source.go
# ^^^^^^^^^^^^^^^^^^ source.go constant.other.enum-member.go
>	CommentDepth
#^ source.go
# ^^^^^^^^^^^^ source.go constant.other.enum-member.go
>}
#^ source.go punctuation.definition.end.bracket.curly.go
>
>enum Color {
#^^^^ source.go keyword.type.go
#    ^ source.go
#     ^^^^^ source.go entity.name.type.enum.go
#          ^ source.go
#           ^ source.go punctuation.definition.begin.bracket.curly.go
>	Red { r, g, b int }
#^ source.go
# ^^^ source.go constant.other.enum-member.go
#    ^ source.go
#     ^ source.go punctuation.definition.begin.bracket.curly.go
#      ^ source.go
#       ^ source.go variable.other.property.go
#        ^ source.go punctuation.other.comma.go
#         ^ source.go
#          ^ source.go variable.other.property.go
#           ^ source.go punctuation.other.comma.go
#            ^ source.go
#             ^ source.go variable.other.property.go
#              ^ source.go
#               ^^^ source.go storage.type.numeric.go
#                  ^ source.go
#                   ^ source.go punctuation.definition.end.bracket.curly.go
>	Green
#^ source.go
# ^^^^^ source.go constant.other.enum-member.go
>	Blue(int)
#^ source.go
# ^^^^ source.go constant.other.enum-member.go
#     ^ source.go punctuation.definition.begin.bracket.round.go
#      ^^^ source.go storage.type.numeric.go
#         ^ source.go punctuation.definition.end.bracket.round.go
>}
#^ source.go punctuation.definition.end.bracket.curly.go
>
>enum Message {
#^^^^ source.go keyword.type.go
#    ^ source.go
#     ^^^^^^^ source.go entity.name.type.enum.go
#            ^ source.go
#             ^ source.go punctuation.definition.begin.bracket.curly.go
>	Write {
#^ source.go
# ^^^^^ source.go constant.other.enum-member.go
#      ^ source.go
#       ^ source.go punctuation.definition.begin.bracket.curly.go
>		text string,
#^^ source.go
#  ^^^^ source.go variable.other.property.go
#      ^ source.go
#       ^^^^^^ source.go storage.type.string.go
#             ^ source.go punctuation.other.comma.go
>		bytes int
#^^ source.go
#  ^^^^^ source.go variable.other.property.go
#       ^ source.go
#        ^^^ source.go storage.type.numeric.go
>	}
#^ source.go
# ^ source.go punctuation.definition.end.bracket.curly.go
>}
#^ source.go punctuation.definition.end.bracket.curly.go
>
>enum Option[T any] {
#^^^^ source.go keyword.type.go
#    ^ source.go
#     ^^^^^^ source.go entity.name.type.enum.go
#           ^ source.go punctuation.definition.begin.bracket.square.go
#            ^ source.go variable.parameter.go
#             ^ source.go
#              ^^^ source.go entity.name.type.any.go
#                 ^ source.go punctuation.definition.end.bracket.square.go
#                  ^ source.go
#                   ^ source.go punctuation.definition.begin.bracket.curly.go
>	None
#^ source.go
# ^^^^ source.go constant.other.enum-member.go
>	Some(T)
#^ source.go
# ^^^^ source.go constant.other.enum-member.go
#     ^ source.go punctuation.definition.begin.bracket.round.go
#      ^ source.go variable.other.go
#       ^ source.go punctuation.definition.end.bracket.round.go
>}
#^ source.go punctuation.definition.end.bracket.curly.go
>
>func fetchPosts() []Post! {
#^^^^ source.go keyword.function.go
#    ^ source.go
#     ^^^^^^^^^^ source.go entity.name.function.go
#               ^ source.go punctuation.definition.begin.bracket.round.go
#                ^ source.go punctuation.definition.end.bracket.round.go
#                 ^ source.go
#                  ^ source.go punctuation.definition.begin.bracket.square.go
#                   ^ source.go punctuation.definition.end.bracket.square.go
#                    ^^^^ source.go variable.other.go
#                        ^ source.go keyword.operator.logical.go
#                         ^ source.go
#                          ^ source.go punctuation.definition.begin.bracket.curly.go
>	return nil
#^ source.go
# ^^^^^^ source.go keyword.control.go
#       ^ source.go
#        ^^^ source.go constant.language.null.go
>}
#^ source.go punctuation.definition.end.bracket.curly.go
>
>func fetchOne() Post! {
#^^^^ source.go keyword.function.go
#    ^ source.go
#     ^^^^^^^^ source.go entity.name.function.go
#             ^ source.go punctuation.definition.begin.bracket.round.go
#              ^ source.go punctuation.definition.end.bracket.round.go
#               ^ source.go
#                ^^^^ source.go variable.other.go
#                    ^ source.go keyword.operator.logical.go
#                     ^ source.go
#                      ^ source.go punctuation.definition.begin.bracket.curly.go
>	return Post{}
#^ source.go
# ^^^^^^ source.go keyword.control.go
#       ^ source.go
#        ^^^^ source.go entity.name.type.go
#            ^ source.go punctuation.definition.begin.bracket.curly.go
#             ^ source.go punctuation.definition.end.bracket.curly.go
>}
#^ source.go punctuation.definition.end.bracket.curly.go
>
>func readTitle() string! {
#^^^^ source.go keyword.function.go
#    ^ source.go
#     ^^^^^^^^^ source.go entity.name.function.go
#              ^ source.go punctuation.definition.begin.bracket.round.go
#               ^ source.go punctuation.definition.end.bracket.round.go
#                ^ source.go
#                 ^^^^^^ source.go storage.type.string.go
#                       ^ source.go keyword.operator.logical.go
#                        ^ source.go
#                         ^ source.go punctuation.definition.begin.bracket.curly.go
>	return fetchOne()!.Title
#^ source.go
# ^^^^^^ source.go keyword.control.go
#       ^ source.go
#        ^^^^^^^^ source.go entity.name.function.support.go
#                ^ source.go punctuation.definition.begin.bracket.round.go
#                 ^ source.go punctuation.definition.end.bracket.round.go
#                  ^^ source.go keyword.operator.result-unwrap.go
#                    ^^^^^ source.go variable.other.go
>}
#^ source.go punctuation.definition.end.bracket.curly.go
>
>func greet(name string, greeting string = "hello") string {
#^^^^ source.go keyword.function.go
#    ^ source.go
#     ^^^^^ source.go entity.name.function.go
#          ^ source.go punctuation.definition.begin.bracket.round.go
#           ^^^^ source.go variable.parameter.go
#               ^ source.go
#                ^^^^^^ source.go storage.type.string.go
#                      ^ source.go punctuation.other.comma.go
#                       ^ source.go
#                        ^^^^^^^^ source.go variable.parameter.go
#                                ^ source.go
#                                 ^^^^^^ source.go storage.type.string.go
#                                       ^ source.go
#                                        ^ source.go keyword.operator.assignment.go
#                                         ^ source.go
#                                          ^ source.go string.quoted.double.go punctuation.definition.string.begin.go
#                                           ^^^^^ source.go string.quoted.double.go
#                                                ^ source.go string.quoted.double.go punctuation.definition.string.end.go
#                                                 ^ source.go punctuation.definition.end.bracket.round.go
#                                                  ^ source.go
#                                                   ^^^^^^ source.go storage.type.string.go
#                                                         ^ source.go
#                                                          ^ source.go punctuation.definition.begin.bracket.curly.go
>	return greeting + " " + name
#^ source.go
# ^^^^^^ source.go keyword.control.go
#       ^ source.go
#        ^^^^^^^^ source.go variable.other.go
#                ^ source.go
#                 ^ source.go keyword.operator.arithmetic.go
#                  ^ source.go
#                   ^ source.go string.quoted.double.go punctuation.definition.string.begin.go
#                    ^ source.go string.quoted.double.go
#                     ^ source.go string.quoted.double.go punctuation.definition.string.end.go
#                      ^ source.go
#                       ^ source.go keyword.operator.arithmetic.go
#                        ^ source.go
#                         ^^^^ source.go variable.other.go
>}
#^ source.go punctuation.definition.end.bracket.curly.go
>
>func open(path string, mode Mode = Read) Mode {
#^^^^ source.go keyword.function.go
#    ^ source.go
#     ^^^^ source.go entity.name.function.go
#         ^ source.go punctuation.definition.begin.bracket.round.go
#          ^^^^ source.go variable.parameter.go
#              ^ source.go
#               ^^^^^^ source.go storage.type.string.go
#                     ^ source.go punctuation.other.comma.go
#                      ^ source.go
#                       ^^^^ source.go variable.parameter.go
#                           ^ source.go
#                            ^^^^ source.go entity.name.type.go
#                                ^ source.go
#                                 ^ source.go keyword.operator.assignment.go
#                                  ^ source.go
#                                   ^^^^ source.go entity.name.type.go
#                                       ^ source.go punctuation.definition.end.bracket.round.go
#                                        ^ source.go
#                                         ^^^^ source.go entity.name.type.go
#                                             ^ source.go
#                                              ^ source.go punctuation.definition.begin.bracket.curly.go
>	return mode
#^ source.go
# ^^^^^^ source.go keyword.control.go
#       ^ source.go
#        ^^^^ source.go variable.other.go
>}
#^ source.go punctuation.definition.end.bracket.curly.go
>
>func nullable(x int?) int {
#^^^^ source.go keyword.function.go
#    ^ source.go
#     ^^^^^^^^ source.go entity.name.function.go
#             ^ source.go punctuation.definition.begin.bracket.round.go
#              ^ source.go variable.parameter.go
#               ^ source.go
#                ^^^ source.go storage.type.numeric.go
#                   ^ source.go
#                    ^ source.go punctuation.definition.end.bracket.round.go
#                     ^ source.go
#                      ^^^ source.go storage.type.numeric.go
#                         ^ source.go
#                          ^ source.go punctuation.definition.begin.bracket.curly.go
>	return x ?? 0
#^ source.go
# ^^^^^^ source.go keyword.control.go
#       ^ source.go
#        ^ source.go variable.other.go
#         ^ source.go
#          ^^ source.go keyword.operator.null-coalescing.go
#            ^ source.go
#             ^ source.go constant.numeric.decimal.go
>}
#^ source.go punctuation.definition.end.bracket.curly.go
>
>// Real code needs import "linq"; omitted here so this grammar sample stays import-free.
#^^ source.go comment.line.double-slash.go punctuation.definition.comment.go
#  ^^^^^^^^^^^^^^^^^^^^^^^^^^^^^^^^^^^^^^^^^^^^^^^^^^^^^^^^^^^^^^^^^^^^^^^^^^^^^^^^^^^^^^ source.go comment.line.double-slash.go
>func lambdaChain(posts []Post) {
#^^^^ source.go keyword.function.go
#    ^ source.go
#     ^^^^^^^^^^^ source.go entity.name.function.go
#                ^ source.go punctuation.definition.begin.bracket.round.go
#                 ^^^^^ source.go variable.parameter.go
#                      ^ source.go
#                       ^ source.go punctuation.definition.begin.bracket.square.go
#                        ^ source.go punctuation.definition.end.bracket.square.go
#                         ^^^^ source.go entity.name.type.go
#                             ^ source.go punctuation.definition.end.bracket.round.go
#                              ^ source.go
#                               ^ source.go punctuation.definition.begin.bracket.curly.go
>	_ = posts.Where(p => p.Score >= 10)
#^ source.go
# ^ source.go variable.other.assignment.go
#  ^ source.go
#   ^ source.go keyword.operator.assignment.go
#    ^ source.go
#     ^^^^^ source.go variable.other.go
#          ^ source.go punctuation.other.period.go
#           ^^^^^ source.go entity.name.function.support.go
#                ^ source.go punctuation.definition.begin.bracket.round.go
#                 ^ source.go variable.other.assignment.go
#                  ^ source.go
#                   ^^ source.go keyword.operator.lambda.go
#                     ^ source.go
#                      ^ source.go variable.other.go
#                       ^ source.go punctuation.other.period.go
#                        ^^^^^ source.go variable.other.go
#                             ^ source.go
#                              ^^ source.go keyword.operator.comparison.go
#                                ^ source.go
#                                 ^^ source.go constant.numeric.decimal.go
#                                   ^ source.go punctuation.definition.end.bracket.round.go
>		.Select(p => p.Title)
#^^ source.go
#  ^ source.go punctuation.other.period.go
#   ^^^^^^ source.go entity.name.function.support.go
#         ^ source.go punctuation.definition.begin.bracket.round.go
#          ^ source.go variable.other.assignment.go
#           ^ source.go
#            ^^ source.go keyword.operator.lambda.go
#              ^ source.go
#               ^ source.go variable.other.go
#                ^ source.go punctuation.other.period.go
#                 ^^^^^ source.go variable.other.go
#                      ^ source.go punctuation.definition.end.bracket.round.go
>}
#^ source.go punctuation.definition.end.bracket.curly.go
>
>func switchExpr(v Color) string {
#^^^^ source.go keyword.function.go
#    ^ source.go
#     ^^^^^^^^^^ source.go entity.name.function.go
#               ^ source.go punctuation.definition.begin.bracket.round.go
#                ^ source.go variable.parameter.go
#                 ^ source.go
#                  ^^^^^ source.go entity.name.type.go
#                       ^ source.go punctuation.definition.end.bracket.round.go
#                        ^ source.go
#                         ^^^^^^ source.go storage.type.string.go
#                               ^ source.go
#                                ^ source.go punctuation.definition.begin.bracket.curly.go
>	return switch v {
#^ source.go
# ^^^^^^ source.go keyword.control.go
#       ^ source.go
#        ^^^^^^ source.go keyword.control.go
#              ^ source.go
#               ^ source.go variable.other.go
#                ^ source.go
#                 ^ source.go punctuation.definition.begin.bracket.curly.go
>	case Red {}:
#^ source.go
# ^^^^ source.go keyword.control.go
#     ^ source.go
#      ^^^ source.go variable.other.go
#         ^ source.go
#          ^ source.go punctuation.definition.begin.bracket.curly.go
#           ^ source.go punctuation.definition.end.bracket.curly.go
#            ^ source.go punctuation.other.colon.go
>		"red"
#^^ source.go
#  ^ source.go string.quoted.double.go punctuation.definition.string.begin.go
#   ^^^ source.go string.quoted.double.go
#      ^ source.go string.quoted.double.go punctuation.definition.string.end.go
>	case Green:
#^ source.go
# ^^^^ source.go keyword.control.go
#     ^ source.go
#      ^^^^^ source.go variable.other.go
#           ^ source.go punctuation.other.colon.go
>		"green"
#^^ source.go
#  ^ source.go string.quoted.double.go punctuation.definition.string.begin.go
#   ^^^^^ source.go string.quoted.double.go
#        ^ source.go string.quoted.double.go punctuation.definition.string.end.go
>	case Blue(_):
#^ source.go
# ^^^^ source.go keyword.control.go
#     ^ source.go
#      ^^^^ source.go entity.name.function.support.go
#          ^ source.go punctuation.definition.begin.bracket.round.go
#           ^ source.go variable.other.go
#            ^ source.go punctuation.definition.end.bracket.round.go
#             ^ source.go punctuation.other.colon.go
>		"blue"
#^^ source.go
#  ^ source.go string.quoted.double.go punctuation.definition.string.begin.go
#   ^^^^ source.go string.quoted.double.go
#       ^ source.go string.quoted.double.go punctuation.definition.string.end.go
>	default:
#^ source.go
# ^^^^^^^ source.go keyword.control.go
#        ^ source.go punctuation.other.colon.go
>		"other"
#^^ source.go
#  ^ source.go string.quoted.double.go punctuation.definition.string.begin.go
#   ^^^^^ source.go string.quoted.double.go
#        ^ source.go string.quoted.double.go punctuation.definition.string.end.go
>	}
#^ source.go
# ^ source.go punctuation.definition.end.bracket.curly.go
>}
#^ source.go punctuation.definition.end.bracket.curly.go
>
>func ifExpr(ok bool) int {
#^^^^ source.go keyword.function.go
#    ^ source.go
#     ^^^^^^ source.go entity.name.function.go
#           ^ source.go punctuation.definition.begin.bracket.round.go
#            ^^ source.go variable.parameter.go
#              ^ source.go
#               ^^^^ source.go storage.type.boolean.go
#                   ^ source.go punctuation.definition.end.bracket.round.go
#                    ^ source.go
#                     ^^^ source.go storage.type.numeric.go
#                        ^ source.go
#                         ^ source.go punctuation.definition.begin.bracket.curly.go
>	return if ok { 1 } else { 0 }
#^ source.go
# ^^^^^^ source.go keyword.control.go
#       ^ source.go
#        ^^ source.go keyword.control.go
#          ^ source.go
#           ^^ source.go variable.other.go
#             ^ source.go
#              ^ source.go punctuation.definition.begin.bracket.curly.go
#               ^ source.go
#                ^ source.go constant.numeric.decimal.go
#                 ^ source.go
#                  ^ source.go punctuation.definition.end.bracket.curly.go
#                   ^ source.go
#                    ^^^^ source.go keyword.control.go
#                        ^ source.go
#                         ^ source.go punctuation.definition.begin.bracket.curly.go
#                          ^ source.go
#                           ^ source.go constant.numeric.decimal.go
#                            ^ source.go
#                             ^ source.go punctuation.definition.end.bracket.curly.go
>}
#^ source.go punctuation.definition.end.bracket.curly.go
>
>func nullCond(obj *Person) string? {
#^^^^ source.go keyword.function.go
#    ^ source.go
#     ^^^^^^^^ source.go entity.name.function.go
#             ^ source.go punctuation.definition.begin.bracket.round.go
#              ^^^ source.go variable.parameter.go
#                 ^ source.go
#                  ^ source.go keyword.operator.address.go
#                   ^^^^^^ source.go entity.name.type.go
#                         ^ source.go punctuation.definition.end.bracket.round.go
#                          ^ source.go
#                           ^^^^^^ source.go storage.type.string.go
#                                 ^^ source.go
#                                   ^ source.go punctuation.definition.begin.bracket.curly.go
>	return obj?.Name
#^ source.go
# ^^^^^^ source.go keyword.control.go
#       ^ source.go
#        ^^^ source.go variable.other.go
#           ^^ source.go keyword.operator.null-conditional.go
#             ^^^^ source.go variable.other.go
>}
#^ source.go punctuation.definition.end.bracket.curly.go
>
>type Post struct {
#^^^^ source.go keyword.type.go
#    ^ source.go
#     ^^^^ source.go entity.name.type.go
#         ^ source.go
#          ^^^^^^ source.go keyword.struct.go
#                ^ source.go
#                 ^ source.go punctuation.definition.begin.bracket.curly.go
>	Title string
#^ source.go
# ^^^^^ source.go variable.other.property.go
#      ^ source.go
#       ^^^^^^ source.go storage.type.string.go
>	Score int
#^ source.go
# ^^^^^ source.go variable.other.property.go
#      ^ source.go
#       ^^^ source.go storage.type.numeric.go
>}
#^ source.go punctuation.definition.end.bracket.curly.go
>
>struct Person {
#^^^^^^ source.go keyword.struct.go
#      ^ source.go
#       ^^^^^^ source.go entity.name.type.go
#             ^ source.go
#              ^ source.go punctuation.definition.begin.bracket.curly.go
>	Name  string
#^ source.go
# ^^^^ source.go variable.other.property.go
#     ^^ source.go
#       ^^^^^^ source.go storage.type.string.go
>	Title string
#^ source.go
# ^^^^^ source.go variable.other.property.go
#      ^ source.go
#       ^^^^^^ source.go storage.type.string.go
>}
#^ source.go punctuation.definition.end.bracket.curly.go
>
>interface Named {
#^^^^^^^^^ source.go keyword.interface.go
#         ^ source.go
#          ^^^^^ source.go entity.name.type.go
#               ^ source.go
#                ^ source.go punctuation.definition.begin.bracket.curly.go
>	Name() string
#^ source.go
# ^^^^ source.go entity.name.function.support.go
#     ^ source.go punctuation.definition.begin.bracket.round.go
#      ^ source.go punctuation.definition.end.bracket.round.go
#       ^ source.go
#        ^^^^^^ source.go storage.type.string.go
>}
#^ source.go punctuation.definition.end.bracket.curly.go
>